// Jest Snapshot v1, https://goo.gl/fbAQLP

exports[`snapshot testing for all examples on doc page mainButton 1`] = `
Array [
  <h1
    class="sc-bdVaJa irmrqS"
    data-test="h1-tag"
  >
    دکمه ها
  </h1>,
  <br />,
  <br />,
  <h2
    class="sc-bwzfXH hlvhiK"
    data-test="h2-tag"
  >
    نمونه دکمه پیشفرض
  </h2>,
  <button
    class=" button-primary sc-kAzzGY fEQmZL"
    data-test="button"
    type="submit"
  >
    <span
      class="sc-htoDjs bgiUUZ"
      color="white"
      data-test="span"
    >
      دکمه
    </span>
  </button>,
  <br />,
  <h2
    class="sc-bwzfXH hlvhiK"
    data-test="h2-tag"
  >
    دکمه آیکون دار
  </h2>,
  <button
    class=" button-primary sc-kAzzGY fEQmZL"
    data-test="button"
    type="submit"
  >
    <div
      class="sc-chPdSV kEYvSi sc-cSHVUG hDoLhH"
    >
      <i
        class="icon-watch_later sc-jzJRlG gBuJEN"
        color="white"
        data-test="icon"
      />
    </div>
    <span
      class="sc-htoDjs bgiUUZ"
      color="white"
      data-test="span"
    >
      دکمه آیکون دار
    </span>
  </button>,
  <br />,
  <h2
    class="sc-bwzfXH hlvhiK"
    data-test="h2-tag"
  >
    دکمه full-width
  </h2>,
  <button
    class=" button-primary sc-kAzzGY gsOOKS"
    data-test="button"
    type="submit"
  >
    <span
      class="sc-htoDjs bgiUUZ"
      color="white"
      data-test="span"
    >
      دکمه full-width (sm size)
    </span>
  </button>,
  <button
    class=" button-primary sc-kAzzGY buGrHt"
    data-test="button"
    type="submit"
  >
    <span
      class="sc-htoDjs bgiUUZ"
      color="white"
      data-test="span"
    >
      دکمه full-width(md size - default)
    </span>
  </button>,
  <button
    class=" button-primary sc-kAzzGY IXlEK"
    data-test="button"
    type="submit"
  >
    <span
      class="sc-htoDjs bgiUUZ"
      color="white"
      data-test="span"
    >
      دکمه full-width(lg size)
    </span>
  </button>,
  <br />,
  <h2
    class="sc-bwzfXH hlvhiK"
    data-test="h2-tag"
  >
    دکمه در اندازه های متفاوت
  </h2>,
  <h3
    class="sc-htpNat djFCwm"
    data-test="h3-tag"
  >
    sm size
  </h3>,
  <button
    class=" button-primary sc-kAzzGY fKqROh"
    data-test="button"
    type="submit"
  >
    <span
      class="sc-htoDjs bgiUUZ"
      color="white"
      data-test="span"
    >
      دکمه
    </span>
  </button>,
  <button
    class=" button-primary sc-kAzzGY fKqROh"
    data-test="button"
    type="submit"
  >
    <div
      class="sc-chPdSV kEYvSi sc-cSHVUG ebkVMz"
    >
      <i
        class="icon-watch_later sc-jzJRlG kMIXPq"
        color="white"
        data-test="icon"
      />
    </div>
    <span
      class="sc-htoDjs bgiUUZ"
      color="white"
      data-test="span"
    >
      دکمه
    </span>
  </button>,
  <br />,
  <h3
    class="sc-htpNat djFCwm"
    data-test="h3-tag"
  >
    md size (default)
  </h3>,
  <button
    class=" button-primary sc-kAzzGY fEQmZL"
    data-test="button"
    type="submit"
  >
    <span
      class="sc-htoDjs bgiUUZ"
      color="white"
      data-test="span"
    >
      دکمه
    </span>
  </button>,
  <button
    class=" button-primary sc-kAzzGY fEQmZL"
    data-test="button"
    type="submit"
  >
    <div
      class="sc-chPdSV kEYvSi sc-cSHVUG hDoLhH"
    >
      <i
        class="icon-watch_later sc-jzJRlG gBuJEN"
        color="white"
        data-test="icon"
      />
    </div>
    <span
      class="sc-htoDjs bgiUUZ"
      color="white"
      data-test="span"
    >
      دکمه
    </span>
  </button>,
  <br />,
  <h3
    class="sc-htpNat djFCwm"
    data-test="h3-tag"
  >
    lg size
  </h3>,
  <button
    class=" button-primary sc-kAzzGY jBCQVE"
    data-test="button"
    type="submit"
  >
    <span
      class="sc-htoDjs bgiUUZ"
      color="white"
      data-test="span"
    >
      دکمه
    </span>
  </button>,
  <button
    class=" button-primary sc-kAzzGY jBCQVE"
    data-test="button"
    type="submit"
  >
    <div
      class="sc-chPdSV kEYvSi sc-cSHVUG hKScKU"
    >
      <i
        class="icon-watch_later sc-jzJRlG cGQQZc"
        color="white"
        data-test="icon"
      />
    </div>
    <span
      class="sc-htoDjs bgiUUZ"
      color="white"
      data-test="span"
    >
      دکمه
    </span>
  </button>,
  <br />,
  <h2
    class="sc-bwzfXH hlvhiK"
    data-test="h2-tag"
  >
    دکمه ها در استایل ها متفاوت و رنگ های متفاوت
  </h2>,
  <h3
    class="sc-htpNat djFCwm"
    data-test="h3-tag"
  >
    رنگ قرمز
  </h3>,
  <h4
    class="sc-bxivhb Pslhp"
    data-test="h4-tag"
  >
    رنگ قرمز - normal
  </h4>,
  <div
    class="sc-kgoBCf beOYFC"
  >
    <button
      class=" button-primary sc-kAzzGY bxnAkC"
      data-test="button"
      type="submit"
    >
      <div
        class="sc-chPdSV kEYvSi sc-cSHVUG hDoLhH"
      >
        <i
          class="icon-watch_later sc-jzJRlG gBuJEN"
          color="white"
          data-test="icon"
        />
      </div>
      <span
        class="sc-htoDjs bgiUUZ"
        color="white"
        data-test="span"
      >
        دکمه primary (default)
      </span>
    </button>
    <button
      class=" button-secondary sc-kAzzGY bxnAkC"
      data-test="button"
      type="submit"
    >
      <div
        class="sc-chPdSV kEYvSi sc-cSHVUG hDoLhH"
      >
        <i
          class="icon-watch_later sc-jzJRlG kexrok"
          color="red"
          data-test="icon"
        />
      </div>
      <span
        class="sc-htoDjs Bjkai"
        color="red"
        data-test="span"
      >
        دکمه secondary
      </span>
    </button>
    <button
      class=" button-tertiary sc-kAzzGY bxnAkC"
      data-test="button"
      type="submit"
    >
      <div
        class="sc-chPdSV kEYvSi sc-cSHVUG hDoLhH"
      >
        <i
          class="icon-watch_later sc-jzJRlG cMJMwC"
          color="darkBlue"
          data-test="icon"
        />
      </div>
      <span
        class="sc-htoDjs iQeslt"
        color="darkBlue"
        data-test="span"
      >
        دکمه tertiary
      </span>
    </button>
  </div>,
  <h4
    class="sc-bxivhb Pslhp"
    data-test="h4-tag"
  >
    رنگ قرمز - disabled
  </h4>,
  <div
    class="sc-kgoBCf beOYFC"
  >
    <button
      class=" button-primary sc-kAzzGY cJaHLJ"
      data-test="button"
      disabled=""
      type="submit"
    >
      <div
        class="sc-chPdSV kEYvSi sc-cSHVUG hDoLhH"
      >
        <i
          class="icon-watch_later sc-jzJRlG gBuJEN"
          color="white"
          data-test="icon"
        />
      </div>
      <span
        class="sc-htoDjs bgiUUZ"
        color="white"
        data-test="span"
      >
        دکمه primary (default) - disabled
      </span>
    </button>
    <button
      class=" button-secondary sc-kAzzGY cJaHLJ"
      data-test="button"
      disabled=""
      type="submit"
    >
      <div
        class="sc-chPdSV kEYvSi sc-cSHVUG hDoLhH"
      >
        <i
          class="icon-watch_later sc-jzJRlG kexrok"
          color="red"
          data-test="icon"
        />
      </div>
      <span
        class="sc-htoDjs Bjkai"
        color="red"
        data-test="span"
      >
        دکمه secondary - disabled
      </span>
    </button>
    <button
      class=" button-tertiary sc-kAzzGY cJaHLJ"
      data-test="button"
      disabled=""
      type="submit"
    >
      <div
        class="sc-chPdSV kEYvSi sc-cSHVUG hDoLhH"
      >
        <i
          class="icon-watch_later sc-jzJRlG cMJMwC"
          color="darkBlue"
          data-test="icon"
        />
      </div>
      <span
        class="sc-htoDjs iQeslt"
        color="darkBlue"
        data-test="span"
      >
        دکمه tertiary - disabled
      </span>
    </button>
  </div>,
  <hr />,
  <h3
    class="sc-htpNat djFCwm"
    data-test="h3-tag"
  >
    رنگ سبز
  </h3>,
  <h4
    class="sc-bxivhb Pslhp"
    data-test="h4-tag"
  >
    رنگ سبز - normal
  </h4>,
  <div
    class="sc-kgoBCf beOYFC"
  >
    <button
      class=" button-primary sc-kAzzGY kdJiAy"
      data-test="button"
      type="submit"
    >
      <div
        class="sc-chPdSV kEYvSi sc-cSHVUG hDoLhH"
      >
        <i
          class="icon-watch_later sc-jzJRlG gBuJEN"
          color="white"
          data-test="icon"
        />
      </div>
      <span
        class="sc-htoDjs bgiUUZ"
        color="white"
        data-test="span"
      >
        دکمه primary (default)
      </span>
    </button>
    <button
      class=" button-secondary sc-kAzzGY kdJiAy"
      data-test="button"
      type="submit"
    >
      <div
        class="sc-chPdSV kEYvSi sc-cSHVUG hDoLhH"
      >
        <i
          class="icon-watch_later sc-jzJRlG ieIRpH"
          color="green"
          data-test="icon"
        />
      </div>
      <span
        class="sc-htoDjs jpsEjs"
        color="green"
        data-test="span"
      >
        دکمه secondary
      </span>
    </button>
    <button
      class=" button-tertiary sc-kAzzGY kdJiAy"
      data-test="button"
      type="submit"
    >
      <div
        class="sc-chPdSV kEYvSi sc-cSHVUG hDoLhH"
      >
        <i
          class="icon-watch_later sc-jzJRlG cMJMwC"
          color="darkBlue"
          data-test="icon"
        />
      </div>
      <span
        class="sc-htoDjs iQeslt"
        color="darkBlue"
        data-test="span"
      >
        دکمه tertiary
      </span>
    </button>
  </div>,
  <h4
    class="sc-bxivhb Pslhp"
    data-test="h4-tag"
  >
    رنگ سبز - disabled
  </h4>,
  <div
    class="sc-kgoBCf beOYFC"
  >
    <button
      class=" button-primary sc-kAzzGY litgpj"
      data-test="button"
      disabled=""
      type="submit"
    >
      <div
        class="sc-chPdSV kEYvSi sc-cSHVUG hDoLhH"
      >
        <i
          class="icon-watch_later sc-jzJRlG gBuJEN"
          color="white"
          data-test="icon"
        />
      </div>
      <span
        class="sc-htoDjs bgiUUZ"
        color="white"
        data-test="span"
      >
        دکمه primary (default) - disabled
      </span>
    </button>
    <button
      class=" button-secondary sc-kAzzGY litgpj"
      data-test="button"
      disabled=""
      type="submit"
    >
      <div
        class="sc-chPdSV kEYvSi sc-cSHVUG hDoLhH"
      >
        <i
          class="icon-watch_later sc-jzJRlG ieIRpH"
          color="green"
          data-test="icon"
        />
      </div>
      <span
        class="sc-htoDjs jpsEjs"
        color="green"
        data-test="span"
      >
        دکمه secondary - disabled
      </span>
    </button>
    <button
      class=" button-tertiary sc-kAzzGY litgpj"
      data-test="button"
      disabled=""
      type="submit"
    >
      <div
        class="sc-chPdSV kEYvSi sc-cSHVUG hDoLhH"
      >
        <i
          class="icon-watch_later sc-jzJRlG cMJMwC"
          color="darkBlue"
          data-test="icon"
        />
      </div>
      <span
        class="sc-htoDjs iQeslt"
        color="darkBlue"
        data-test="span"
      >
        دکمه tertiary - disabled
      </span>
    </button>
  </div>,
  <hr />,
  <h3
    class="sc-htpNat djFCwm"
    data-test="h3-tag"
  >
    رنگ زرد
  </h3>,
  <h4
    class="sc-bxivhb Pslhp"
    data-test="h4-tag"
  >
    رنگ زرد - normal
  </h4>,
  <div
    class="sc-kgoBCf beOYFC"
  >
    <button
      class=" button-primary sc-kAzzGY dcVEwx"
      data-test="button"
      type="submit"
    >
      <div
        class="sc-chPdSV kEYvSi sc-cSHVUG hDoLhH"
      >
        <i
          class="icon-watch_later sc-jzJRlG gBuJEN"
          color="white"
          data-test="icon"
        />
      </div>
      <span
        class="sc-htoDjs bgiUUZ"
        color="white"
        data-test="span"
      >
        دکمه primary (default)
      </span>
    </button>
    <button
      class=" button-secondary sc-kAzzGY dcVEwx"
      data-test="button"
      type="submit"
    >
      <div
        class="sc-chPdSV kEYvSi sc-cSHVUG hDoLhH"
      >
        <i
          class="icon-watch_later sc-jzJRlG iWLfHZ"
          color="yellow"
          data-test="icon"
        />
      </div>
      <span
        class="sc-htoDjs jdlLkZ"
        color="yellow"
        data-test="span"
      >
        دکمه secondary
      </span>
    </button>
    <button
      class=" button-tertiary sc-kAzzGY dcVEwx"
      data-test="button"
      type="submit"
    >
      <div
        class="sc-chPdSV kEYvSi sc-cSHVUG hDoLhH"
      >
        <i
          class="icon-watch_later sc-jzJRlG cMJMwC"
          color="darkBlue"
          data-test="icon"
        />
      </div>
      <span
        class="sc-htoDjs iQeslt"
        color="darkBlue"
        data-test="span"
      >
        دکمه tertiary
      </span>
    </button>
  </div>,
  <h4
    class="sc-bxivhb Pslhp"
    data-test="h4-tag"
  >
    رنگ زرد - disabled
  </h4>,
  <div
    class="sc-kgoBCf beOYFC"
  >
    <button
      class=" button-primary sc-kAzzGY jkflnQ"
      data-test="button"
      disabled=""
      type="submit"
    >
      <div
        class="sc-chPdSV kEYvSi sc-cSHVUG hDoLhH"
      >
        <i
          class="icon-watch_later sc-jzJRlG gBuJEN"
          color="white"
          data-test="icon"
        />
      </div>
      <span
        class="sc-htoDjs bgiUUZ"
        color="white"
        data-test="span"
      >
        دکمه primary (default) - disabled
      </span>
    </button>
    <button
      class=" button-secondary sc-kAzzGY jkflnQ"
      data-test="button"
      disabled=""
      type="submit"
    >
      <div
        class="sc-chPdSV kEYvSi sc-cSHVUG hDoLhH"
      >
        <i
          class="icon-watch_later sc-jzJRlG iWLfHZ"
          color="yellow"
          data-test="icon"
        />
      </div>
      <span
        class="sc-htoDjs jdlLkZ"
        color="yellow"
        data-test="span"
      >
        دکمه secondary - disabled
      </span>
    </button>
    <button
      class=" button-tertiary sc-kAzzGY jkflnQ"
      data-test="button"
      disabled=""
      type="submit"
    >
      <div
        class="sc-chPdSV kEYvSi sc-cSHVUG hDoLhH"
      >
        <i
          class="icon-watch_later sc-jzJRlG cMJMwC"
          color="darkBlue"
          data-test="icon"
        />
      </div>
      <span
        class="sc-htoDjs iQeslt"
        color="darkBlue"
        data-test="span"
      >
        دکمه tertiary - disabled
      </span>
    </button>
  </div>,
  <hr />,
  <h3
    class="sc-htpNat djFCwm"
    data-test="h3-tag"
  >
    رنگ آبی
  </h3>,
  <h4
    class="sc-bxivhb Pslhp"
    data-test="h4-tag"
  >
    رنگ آبی - normal
  </h4>,
  <div
    class="sc-kgoBCf beOYFC"
  >
    <button
      class=" button-primary sc-kAzzGY blCscT"
      data-test="button"
      type="submit"
    >
      <div
        class="sc-chPdSV kEYvSi sc-cSHVUG hDoLhH"
      >
        <i
          class="icon-watch_later sc-jzJRlG gBuJEN"
          color="white"
          data-test="icon"
        />
      </div>
      <span
        class="sc-htoDjs bgiUUZ"
        color="white"
        data-test="span"
      >
        دکمه primary (default)
      </span>
    </button>
    <button
      class=" button-secondary sc-kAzzGY blCscT"
      data-test="button"
      type="submit"
    >
      <div
        class="sc-chPdSV kEYvSi sc-cSHVUG hDoLhH"
      >
        <i
          class="icon-watch_later sc-jzJRlG gjBRpW"
          color="blue"
          data-test="icon"
        />
      </div>
      <span
        class="sc-htoDjs kavVik"
        color="blue"
        data-test="span"
      >
        دکمه secondary
      </span>
    </button>
    <button
      class=" button-tertiary sc-kAzzGY blCscT"
      data-test="button"
      type="submit"
    >
      <div
        class="sc-chPdSV kEYvSi sc-cSHVUG hDoLhH"
      >
        <i
          class="icon-watch_later sc-jzJRlG cMJMwC"
          color="darkBlue"
          data-test="icon"
        />
      </div>
      <span
        class="sc-htoDjs iQeslt"
        color="darkBlue"
        data-test="span"
      >
        دکمه tertiary
      </span>
    </button>
  </div>,
  <h4
    class="sc-bxivhb Pslhp"
    data-test="h4-tag"
  >
    رنگ آبی - disabled
  </h4>,
  <div
    class="sc-kgoBCf beOYFC"
  >
    <button
      class=" button-primary sc-kAzzGY ibinOa"
      data-test="button"
      disabled=""
      type="submit"
    >
      <div
        class="sc-chPdSV kEYvSi sc-cSHVUG hDoLhH"
      >
        <i
          class="icon-watch_later sc-jzJRlG gBuJEN"
          color="white"
          data-test="icon"
        />
      </div>
      <span
        class="sc-htoDjs bgiUUZ"
        color="white"
        data-test="span"
      >
        دکمه primary (default) - disabled
      </span>
    </button>
    <button
      class=" button-secondary sc-kAzzGY ibinOa"
      data-test="button"
      disabled=""
      type="submit"
    >
      <div
        class="sc-chPdSV kEYvSi sc-cSHVUG hDoLhH"
      >
        <i
          class="icon-watch_later sc-jzJRlG gjBRpW"
          color="blue"
          data-test="icon"
        />
      </div>
      <span
        class="sc-htoDjs kavVik"
        color="blue"
        data-test="span"
      >
        دکمه secondary - disabled
      </span>
    </button>
    <button
      class=" button-tertiary sc-kAzzGY ibinOa"
      data-test="button"
      disabled=""
      type="submit"
    >
      <div
        class="sc-chPdSV kEYvSi sc-cSHVUG hDoLhH"
      >
        <i
          class="icon-watch_later sc-jzJRlG cMJMwC"
          color="darkBlue"
          data-test="icon"
        />
      </div>
      <span
        class="sc-htoDjs iQeslt"
        color="darkBlue"
        data-test="span"
      >
        دکمه tertiary - disabled
      </span>
    </button>
  </div>,
  <hr />,
  <h3
    class="sc-htpNat djFCwm"
    data-test="h3-tag"
  >
    رنگ آبی تیره - پیشفرض
  </h3>,
  <h4
    class="sc-bxivhb Pslhp"
    data-test="h4-tag"
  >
    رنگ آبی تیره - پیشفرض - normal
  </h4>,
  <div
    class="sc-kgoBCf beOYFC"
  >
    <button
      class=" button-primary sc-kAzzGY fEQmZL"
      data-test="button"
      type="submit"
    >
      <div
        class="sc-chPdSV kEYvSi sc-cSHVUG hDoLhH"
      >
        <i
          class="icon-watch_later sc-jzJRlG gBuJEN"
          color="white"
          data-test="icon"
        />
      </div>
      <span
        class="sc-htoDjs bgiUUZ"
        color="white"
        data-test="span"
      >
        دکمه primary (default)
      </span>
    </button>
    <button
      class=" button-secondary sc-kAzzGY fEQmZL"
      data-test="button"
      type="submit"
    >
      <div
        class="sc-chPdSV kEYvSi sc-cSHVUG hDoLhH"
      >
        <i
          class="icon-watch_later sc-jzJRlG cMJMwC"
          color="darkBlue"
          data-test="icon"
        />
      </div>
      <span
        class="sc-htoDjs iQeslt"
        color="darkBlue"
        data-test="span"
      >
        دکمه secondary
      </span>
    </button>
    <button
      class=" button-tertiary sc-kAzzGY fEQmZL"
      data-test="button"
      type="submit"
    >
      <div
        class="sc-chPdSV kEYvSi sc-cSHVUG hDoLhH"
      >
        <i
          class="icon-watch_later sc-jzJRlG cMJMwC"
          color="darkBlue"
          data-test="icon"
        />
      </div>
      <span
        class="sc-htoDjs iQeslt"
        color="darkBlue"
        data-test="span"
      >
        دکمه tertiary
      </span>
    </button>
  </div>,
  <h4
    class="sc-bxivhb Pslhp"
    data-test="h4-tag"
  >
    رنگ آبی تیره - پیشفرض - disabled
  </h4>,
  <div
    class="sc-kgoBCf beOYFC"
  >
    <button
      class=" button-primary sc-kAzzGY gcDdct"
      data-test="button"
      disabled=""
      type="submit"
    >
      <div
        class="sc-chPdSV kEYvSi sc-cSHVUG hDoLhH"
      >
        <i
          class="icon-watch_later sc-jzJRlG gBuJEN"
          color="white"
          data-test="icon"
        />
      </div>
      <span
        class="sc-htoDjs bgiUUZ"
        color="white"
        data-test="span"
      >
        دکمه primary (default) - disabled
      </span>
    </button>
    <button
      class=" button-secondary sc-kAzzGY gcDdct"
      data-test="button"
      disabled=""
      type="submit"
    >
      <div
        class="sc-chPdSV kEYvSi sc-cSHVUG hDoLhH"
      >
        <i
          class="icon-watch_later sc-jzJRlG cMJMwC"
          color="darkBlue"
          data-test="icon"
        />
      </div>
      <span
        class="sc-htoDjs iQeslt"
        color="darkBlue"
        data-test="span"
      >
        دکمه secondary - disabled
      </span>
    </button>
    <button
      class=" button-tertiary sc-kAzzGY gcDdct"
      data-test="button"
      disabled=""
      type="submit"
    >
      <div
        class="sc-chPdSV kEYvSi sc-cSHVUG hDoLhH"
      >
        <i
          class="icon-watch_later sc-jzJRlG cMJMwC"
          color="darkBlue"
          data-test="icon"
        />
      </div>
      <span
        class="sc-htoDjs iQeslt"
        color="darkBlue"
        data-test="span"
      >
        دکمه tertiary - disabled
      </span>
    </button>
  </div>,
  <br />,
]
`;
